diff --git a/lua/cargdev/core/init.lua b/lua/cargdev/core/init.lua
index 5f0f878..37cf3cb 100644
--- a/lua/cargdev/core/init.lua
+++ b/lua/cargdev/core/init.lua
@@ -23,14 +23,6 @@ end
 vim.api.nvim_create_autocmd("User", {
   pattern = "LazyDone",
   callback = function()
-    -- Force apply colorscheme after plugins are loaded
-    vim.defer_fn(function()
-      local ok, _ = pcall(vim.cmd, "colorscheme cargdev-cyberpunk")
-      if not ok then
-        vim.cmd("colorscheme desert")
-      end
-    end, 100)
-    
     -- Load all functions
     load_functions()
   end,
@@ -42,12 +34,6 @@ vim.api.nvim_create_autocmd("VimEnter", {
   callback = function()
     -- Wait a bit for plugins to load
     vim.defer_fn(function()
-      -- Try to apply colorscheme
-      local ok, _ = pcall(vim.cmd, "colorscheme cargdev-cyberpunk")
-      if not ok then
-        vim.cmd("colorscheme desert")
-      end
-      
       -- Load functions
       load_functions()
     end, 200)
diff --git a/lua/cargdev/plugins/avante.lua b/lua/cargdev/plugins/avante.lua
index 29bdb5c..a53a7b1 100644
--- a/lua/cargdev/plugins/avante.lua
+++ b/lua/cargdev/plugins/avante.lua
@@ -50,7 +50,11 @@ return {
             statuscolumn = { enabled = true },
             terminal = { enabled = true },
             toggle = { enabled = true },
-            words = { enabled = true },
+            words = { 
+              enabled = true,
+              lsp = { enabled = false }, -- Disable LSP to prevent crashes
+              hl = { enabled = true },
+            },
           })
           
           -- Set up vim.ui.input and vim.ui.select for snacks
diff --git a/lua/cargdev/plugins/colorscheme.lua b/lua/cargdev/plugins/colorscheme.lua
index 42e1a06..07ddb87 100644
--- a/lua/cargdev/plugins/colorscheme.lua
+++ b/lua/cargdev/plugins/colorscheme.lua
@@ -1,10 +1,13 @@
 return {
   "CarGDev/cargdev-cyberpunk",
   --[[   dir = "/Users/carlos/Documents/SSD_Documents/projects/cargdevschemecolor.nvim", ]]
+  name = "cargdev-cyberpunk",
+  lazy = false,
+  priority = 1000,
   config = function()
-    require("cargdev-cyberpunk").setup()
+    vim.opt.termguicolors = true
+    vim.opt.background = "dark"
+    vim.cmd.colorscheme("cargdev-cyberpunk")
   end,
-  priority = 1000,
-  lazy = false,
 }
 
diff --git a/lua/cargdev/plugins/indent-blankline.lua b/lua/cargdev/plugins/indent-blankline.lua
index ff421f5..ddaa680 100644
--- a/lua/cargdev/plugins/indent-blankline.lua
+++ b/lua/cargdev/plugins/indent-blankline.lua
@@ -5,13 +5,14 @@ return {
   opts = {
     indent = { 
       char = "┊",
-      exclude_filetypes = { "help", "alpha", "dashboard", "neo-tree", "Trouble", "lazy", "mason" }
+    },
+    exclude = {
+      filetypes = { "help", "alpha", "dashboard", "neo-tree", "Trouble", "lazy", "mason" },
+      buftypes = { "terminal", "nofile", "quickfix", "prompt" },
     },
     scope = { 
       enabled = false 
     },
-    exclude = {
-      filetypes = { "help", "alpha", "dashboard", "neo-tree", "Trouble", "lazy", "mason" }
-    }
   },
 }
+
